end of file!
	Command being timed: "./demultiplex_Ncorrections.py -R1 /projects/bgmp/shared/2017_sequencing/1294_S1_L008_R1_001.fastq.gz -R2 /projects/bgmp/shared/2017_sequencing/1294_S1_L008_R2_001.fastq.gz -R3 /projects/bgmp/shared/2017_sequencing/1294_S1_L008_R3_001.fastq.gz -R4 /projects/bgmp/shared/2017_sequencing/1294_S1_L008_R4_001.fastq.gz -o /scratch/bgmp/hankap/demux -k ./known_barcodes.tsv -c 30 -f stats_demultiplex_Ncorrect_30"
	User time (seconds): 3340.72
	System time (seconds): 84.16
	Percent of CPU this job got: 92%
	Elapsed (wall clock) time (h:mm:ss or m:ss): 1:01:32
	Average shared text size (kbytes): 0
	Average unshared data size (kbytes): 0
	Average stack size (kbytes): 0
	Average total size (kbytes): 0
	Maximum resident set size (kbytes): 281652
	Average resident set size (kbytes): 0
	Major (requiring I/O) page faults: 0
	Minor (reclaiming a frame) page faults: 1639038
	Voluntary context switches: 23814
	Involuntary context switches: 1131
	Swaps: 0
	File system inputs: 0
	File system outputs: 8
	Socket messages sent: 0
	Socket messages received: 0
	Signals delivered: 0
	Page size (bytes): 4096
	Exit status: 0
/var/spool/slurm/job46007696/slurm_script: line 28: 46005421: command not found
